// Jest Snapshot v1, https://goo.gl/fbAQLP

exports[`matches snapshot 1 1`] = `
<div
  className="inline-block relative w-full"
>
  <select
    className="appearance-none w-full bg-white border border-gray-400 hover:border-gray-500 px-4 py-2 pr-8 rounded shadow leading-tight focus:outline-none focus:shadow-outline"
    data-testid="filter-list"
    onChange={[Function]}
  >
    <option
      value="All"
    >
      All
    </option>
    <option
      value="Beef"
    >
      Beef
    </option>
    <option
      value="Breakfast"
    >
      Breakfast
    </option>
    <option
      value="Chicken"
    >
      Chicken
    </option>
    <option
      value="Dessert"
    >
      Dessert
    </option>
    <option
      value="Goat"
    >
      Goat
    </option>
    <option
      value="Lamb"
    >
      Lamb
    </option>
    <option
      value="Miscellaneous"
    >
      Miscellaneous
    </option>
    <option
      value="Pasta"
    >
      Pasta
    </option>
    <option
      value="Pork"
    >
      Pork
    </option>
    <option
      value="Seafood"
    >
      Seafood
    </option>
    <option
      value="Side"
    >
      Side
    </option>
    <option
      value="Starter"
    >
      Starter
    </option>
    <option
      value="Vegan"
    >
      Vegan
    </option>
    <option
      value="Vegetarian"
    >
      Vegetarian
    </option>
  </select>
  <div
    className="pointer-events-none absolute inset-y-0 right-0 flex items-center px-2 text-gray-700"
  >
    <svg
      className="fill-current h-4 w-4"
      viewBox="0 0 20 20"
      xmlns="http://www.w3.org/2000/svg"
    >
      <path
        d="M9.293 12.95l.707.707L15.657 8l-1.414-1.414L10 10.828 5.757 6.586 4.343 8z"
      />
    </svg>
  </div>
</div>
`;
