// Jest Snapshot v1, https://goo.gl/fbAQLP

exports[`matches snapshot 1 1`] = `
<a
  className="w-full md:w-1/2 lg:w-1/3 xl:w-1/4 p-1 mb-2 shadow border rounded bg-white mb-5 cursor-default"
  data-testid="mealcard"
  href="/meal/52830"
  onClick={[Function]}
>
  <div
    className="w-full"
  >
    <img
      alt="Crock Pot Chicken Baked Tacos"
      className="w-full"
      src="https://www.themealdb.com/images/media/meals/ypxvwv1505333929.jpg"
    />
  </div>
  <div
    className="w-full bg-indigo-300"
  >
    <h3
      className="font-bold text-2xl pl-3"
      data-testid="mealcard-title"
    >
      Crock Pot Chicken Baked Tacos
    </h3>
  </div>
  <div
    className="w-full flex justify-center mt-3"
    data-testid="mealcard-link"
  >
    <div
      className="bg-transparent hover:bg-indigo-500 text-indigo-700 text-sm font-semibold hover:text-white py-2 px-4 border border-indigo-500 hover:border-transparent rounded cursor-pointer"
    >
      View Meal
    </div>
  </div>
</a>
`;
